Hard match  0.659883394999
Soft match  0.627366267255
Detection latency : 
 -----------
Activity: 3  starts @  0  Latency:  1065  ms with  10  samples
Activity: 4  starts @  26098  Latency:  5180  ms with  10  samples
Activity: 3  starts @  375779  Latency:  0  ms with  10  samples
Activity: 1  starts @  921026  Latency:  1093  ms with  10  samples
