Hard match  0.602388760752
Soft match  0.582930994473
Detection latency : 
 -----------
Activity: 3  starts @  0  Latency:  1233  ms with  10  samples
Activity: 3  starts @  375779  Latency:  0  ms with  10  samples
Activity: 1  starts @  921026  Latency:  2413  ms with  10  samples
