Hard match  0.919291094231
Soft match  0.910775102654
Detection latency : 
 -----------
Activity: 2  starts @  0  Latency:  1009  ms with  10  samples
Activity: 1  starts @  37714  Latency:  2745  ms with  10  samples
Activity: 2  starts @  121393  Latency:  1459  ms with  10  samples
Activity: 1  starts @  277228  Latency:  3223  ms with  10  samples
Activity: 0  starts @  504277  Latency:  38  ms with  10  samples
Activity: 3  starts @  948000  Latency:  1233  ms with  10  samples
