Hard match  0.85219181058
Soft match  0.817513425173
Detection latency : 
 -----------
Activity: 1  starts @  0  Latency:  1004  ms with  10  samples
Activity: 0  starts @  304386  Latency:  5781  ms with  10  samples
Activity: 2  starts @  333718  Latency:  70  ms with  10  samples
Activity: 3  starts @  429762  Latency:  4563  ms with  10  samples
Activity: 2  starts @  705597  Latency:  2306  ms with  10  samples
Activity: 3  starts @  955877  Latency:  4945  ms with  10  samples
