Hard match  0.542871050323
Soft match  0.544184452027
Detection latency : 
 -----------
Activity: 3  starts @  0  Latency:  61033  ms with  10  samples
Activity: 2  starts @  169849  Latency:  9156  ms with  10  samples
Activity: 3  starts @  303318  Latency:  70691  ms with  10  samples
Activity: 1  starts @  328841  Latency:  17175  ms with  10  samples
Activity: 3  starts @  369446  Latency:  4563  ms with  10  samples
Activity: 0  starts @  461508  Latency:  0  ms with  10  samples
Activity: 3  starts @  561538  Latency:  10003  ms with  10  samples
Activity: 0  starts @  718807  Latency:  2214  ms with  10  samples
Activity: 1  starts @  834879  Latency:  16121  ms with  10  samples
