Hard match  0.751524052955
Soft match  0.733111945372
Detection latency : 
 -----------
Activity: 3  starts @  0  Latency:  1273  ms with  10  samples
Activity: 2  starts @  169849  Latency:  12916  ms with  10  samples
Activity: 3  starts @  303318  Latency:  4823  ms with  10  samples
Activity: 1  starts @  328841  Latency:  2413  ms with  10  samples
Activity: 3  starts @  369446  Latency:  1432  ms with  10  samples
Activity: 0  starts @  461508  Latency:  0  ms with  10  samples
Activity: 3  starts @  561538  Latency:  1233  ms with  10  samples
Activity: 0  starts @  718807  Latency:  3975  ms with  10  samples
Activity: 1  starts @  834879  Latency:  3624  ms with  10  samples
