Hard match  0.735923117351
Soft match  0.72026506731
Detection latency : 
 -----------
Activity: 3  starts @  0  Latency:  1233  ms with  10  samples
Activity: 2  starts @  169849  Latency:  2277  ms with  10  samples
Activity: 3  starts @  303318  Latency:  4823  ms with  10  samples
Activity: 1  starts @  328841  Latency:  3856  ms with  10  samples
Activity: 3  starts @  369446  Latency:  1473  ms with  10  samples
Activity: 0  starts @  461508  Latency:  47  ms with  10  samples
Activity: 3  starts @  561538  Latency:  1273  ms with  10  samples
Activity: 0  starts @  718807  Latency:  4322  ms with  10  samples
Activity: 1  starts @  834879  Latency:  2446  ms with  10  samples
