Hard match  0.896079507005
Soft match  0.874055259363
Detection latency : 
 -----------
Activity: 1  starts @  0  Latency:  1004  ms with  10  samples
Activity: 2  starts @  327687  Latency:  2165  ms with  10  samples
Activity: 3  starts @  571449  Latency:  4862  ms with  10  samples
Activity: 2  starts @  626127  Latency:  1877  ms with  10  samples
Activity: 1  starts @  683133  Latency:  3274  ms with  10  samples
Activity: 3  starts @  694695  Latency:  942  ms with  10  samples
Activity: 1  starts @  721639  Latency:  515  ms with  10  samples
