Hard match  0.904741645962
Soft match  0.89483112946
Detection latency : 
 -----------
Activity: 1  starts @  0  Latency:  1004  ms with  10  samples
Activity: 4  starts @  259875  Latency:  4130  ms with  10  samples
Activity: 2  starts @  327687  Latency:  2251  ms with  10  samples
Activity: 3  starts @  571449  Latency:  5023  ms with  10  samples
Activity: 2  starts @  626127  Latency:  968  ms with  10  samples
Activity: 1  starts @  683133  Latency:  3574  ms with  10  samples
Activity: 3  starts @  694695  Latency:  4945  ms with  10  samples
Activity: 1  starts @  721639  Latency:  528  ms with  10  samples
