Hard match  0.816708660046
Soft match  0.798883251049
Detection latency : 
 -----------
Activity: 1  starts @  0  Latency:  1004  ms with  10  samples
Activity: 2  starts @  327687  Latency:  2969  ms with  10  samples
Activity: 3  starts @  571449  Latency:  4711  ms with  10  samples
Activity: 2  starts @  626127  Latency:  2199  ms with  10  samples
Activity: 1  starts @  683133  Latency:  2174  ms with  10  samples
Activity: 3  starts @  694695  Latency:  6813  ms with  10  samples
Activity: 1  starts @  721639  Latency:  833  ms with  10  samples
