Hard match  0.535955367753
Soft match  0.519395164676
Detection latency : 
 -----------
Activity: 2  starts @  0  Latency:  1009  ms with  10  samples
Activity: 1  starts @  10239  Latency:  80  ms with  10  samples
Activity: 4  starts @  215616  Latency:  31789  ms with  10  samples
Activity: 0  starts @  394454  Latency:  3677  ms with  10  samples
Activity: 3  starts @  408731  Latency:  1273  ms with  10  samples
Activity: 1  starts @  557863  Latency:  444  ms with  10  samples
Activity: 2  starts @  692227  Latency:  1480  ms with  10  samples
Activity: 4  starts @  789623  Latency:  143080  ms with  10  samples
Activity: 3  starts @  991785  Latency:  43  ms with  10  samples
