Hard match  0.61000893995
Soft match  0.595498229065
Detection latency : 
 -----------
Activity: 3  starts @  0  Latency:  1065  ms with  10  samples
Activity: 0  starts @  27625  Latency:  5781  ms with  10  samples
Activity: 4  starts @  93922  Latency:  731  ms with  10  samples
Activity: 3  starts @  142449  Latency:  1233  ms with  10  samples
Activity: 4  starts @  192818  Latency:  158041  ms with  10  samples
Activity: 1  starts @  444116  Latency:  2446  ms with  10  samples
Activity: 3  starts @  568046  Latency:  1065  ms with  10  samples
Activity: 1  starts @  651496  Latency:  2507  ms with  10  samples
