Hard match  0.509430316186
Soft match  0.506518646693
Detection latency : 
 -----------
Activity: 3  starts @  0  Latency:  1233  ms with  10  samples
Activity: 0  starts @  27625  Latency:  5781  ms with  10  samples
Activity: 3  starts @  142449  Latency:  1352  ms with  10  samples
Activity: 1  starts @  444116  Latency:  7690  ms with  10  samples
Activity: 3  starts @  568046  Latency:  1972  ms with  10  samples
Activity: 1  starts @  651496  Latency:  7117  ms with  10  samples
