Hard match  0.574601038936
Soft match  0.558254268197
Detection latency : 
 -----------
Activity: 3  starts @  0  Latency:  1065  ms with  10  samples
Activity: 0  starts @  27625  Latency:  4541  ms with  10  samples
Activity: 3  starts @  142449  Latency:  3563  ms with  10  samples
Activity: 1  starts @  444116  Latency:  2049  ms with  10  samples
Activity: 3  starts @  568046  Latency:  2793  ms with  10  samples
Activity: 1  starts @  651496  Latency:  1004  ms with  10  samples
