Hard match  0.8227633959
Soft match  0.808988786087
Detection latency : 
 -----------
Activity: 0  starts @  0  Latency:  1000  ms with  10  samples
Activity: 4  starts @  206970  Latency:  155300  ms with  10  samples
Activity: 1  starts @  369834  Latency:  2422  ms with  10  samples
Activity: 3  starts @  862208  Latency:  3792  ms with  10  samples
