Hard match  0.848932638711
Soft match  0.843500418743
Detection latency : 
 -----------
Activity: 3  starts @  0  Latency:  1065  ms with  10  samples
Activity: 0  starts @  59141  Latency:  3348  ms with  10  samples
Activity: 2  starts @  368073  Latency:  88  ms with  10  samples
Activity: 4  starts @  577678  Latency:  5010  ms with  10  samples
Activity: 1  starts @  672538  Latency:  1586  ms with  10  samples
Activity: 4  starts @  872277  Latency:  4818  ms with  10  samples
Activity: 1  starts @  920868  Latency:  2059  ms with  10  samples
Activity: 2  starts @  981006  Latency:  1450  ms with  10  samples
