Hard match  0.78464787167
Soft match  0.777183396349
Detection latency : 
 -----------
Activity: 3  starts @  0  Latency:  1233  ms with  10  samples
Activity: 0  starts @  59141  Latency:  4460  ms with  10  samples
Activity: 2  starts @  368073  Latency:  70  ms with  10  samples
Activity: 1  starts @  672538  Latency:  2475  ms with  10  samples
Activity: 1  starts @  920868  Latency:  744  ms with  10  samples
Activity: 2  starts @  981006  Latency:  5197  ms with  10  samples
