Hard match  0.696529934347
Soft match  0.688136222892
Detection latency : 
 -----------
Activity: 0  starts @  191822  Latency:  2823  ms with  10  samples
Activity: 2  starts @  488077  Latency:  808  ms with  10  samples
Activity: 3  starts @  562075  Latency:  68301  ms with  10  samples
Activity: 1  starts @  562734  Latency:  29  ms with  10  samples
Activity: 2  starts @  799147  Latency:  1480  ms with  10  samples
Activity: 3  starts @  839322  Latency:  4823  ms with  10  samples
