Hard match  0.59795168409
Soft match  0.588884689084
Detection latency : 
 -----------
Activity: 1  starts @  0  Latency:  1004  ms with  10  samples
Activity: 4  starts @  34776  Latency:  3857  ms with  10  samples
Activity: 3  starts @  226055  Latency:  0  ms with  10  samples
Activity: 1  starts @  387824  Latency:  528  ms with  10  samples
Activity: 4  starts @  393114  Latency:  3530  ms with  10  samples
Activity: 2  starts @  618384  Latency:  1877  ms with  10  samples
