Hard match  0.391210578065
Soft match  0.388302638995
Detection latency : 
 -----------
Activity: 1  starts @  0  Latency:  1004  ms with  10  samples
Activity: 4  starts @  34776  Latency:  155242  ms with  10  samples
Activity: 3  starts @  226055  Latency:  204  ms with  10  samples
Activity: 1  starts @  387824  Latency:  2938  ms with  10  samples
Activity: 2  starts @  618384  Latency:  1877  ms with  10  samples
