Hard match  0.796910082273
Soft match  0.790450029767
Detection latency : 
 -----------
Activity: 1  starts @  0  Latency:  1004  ms with  10  samples
Activity: 3  starts @  560815  Latency:  4862  ms with  10  samples
Activity: 0  starts @  659361  Latency:  33577  ms with  10  samples
Activity: 3  starts @  660131  Latency:  7863  ms with  10  samples
Activity: 0  starts @  687157  Latency:  5781  ms with  10  samples
Activity: 2  starts @  949919  Latency:  748  ms with  10  samples
