Hard match  0.877749277138
Soft match  0.862219171161
Detection latency : 
 -----------
Activity: 0  starts @  0  Latency:  1000  ms with  10  samples
Activity: 1  starts @  147752  Latency:  2653  ms with  10  samples
Activity: 3  starts @  240785  Latency:  823  ms with  10  samples
Activity: 0  starts @  477263  Latency:  5781  ms with  10  samples
Activity: 2  starts @  596808  Latency:  88  ms with  10  samples
Activity: 0  starts @  724959  Latency:  5781  ms with  10  samples
Activity: 1  starts @  833204  Latency:  4403  ms with  10  samples
Activity: 3  starts @  891506  Latency:  2123  ms with  10  samples
Activity: 2  starts @  985611  Latency:  5400  ms with  10  samples
